Ã¯Â»Â¿2026-02-25T10:26:30.4431111Z Current runner version: '2.331.0'
2026-02-25T10:26:30.4454048Z ##[group]Runner Image Provisioner
2026-02-25T10:26:30.4454948Z Hosted Compute Agent
2026-02-25T10:26:30.4455489Z Version: 20260123.484
2026-02-25T10:26:30.4456136Z Commit: 6bd6555ca37d84114959e1c76d2c01448ff61c5d
2026-02-25T10:26:30.4456817Z Build Date: 2026-01-23T19:41:17Z
2026-02-25T10:26:30.4457836Z Worker ID: {08540ad7-6544-4f84-ad0d-942ccda0966f}
2026-02-25T10:26:30.4458531Z Azure Region: westus
2026-02-25T10:26:30.4459172Z ##[endgroup]
2026-02-25T10:26:30.4460560Z ##[group]Operating System
2026-02-25T10:26:30.4461181Z Ubuntu
2026-02-25T10:26:30.4461752Z 24.04.3
2026-02-25T10:26:30.4462183Z LTS
2026-02-25T10:26:30.4462669Z ##[endgroup]
2026-02-25T10:26:30.4463215Z ##[group]Runner Image
2026-02-25T10:26:30.4463768Z Image: ubuntu-24.04
2026-02-25T10:26:30.4464247Z Version: 20260201.15.1
2026-02-25T10:26:30.4465485Z Included Software: https://github.com/actions/runner-images/blob/ubuntu24/20260201.15/images/ubuntu/Ubuntu2404-Readme.md
2026-02-25T10:26:30.4466910Z Image Release: https://github.com/actions/runner-images/releases/tag/ubuntu24%2F20260201.15
2026-02-25T10:26:30.4468291Z ##[endgroup]
2026-02-25T10:26:30.4469336Z ##[group]GITHUB_TOKEN Permissions
2026-02-25T10:26:30.4471203Z Contents: read
2026-02-25T10:26:30.4471790Z Metadata: read
2026-02-25T10:26:30.4472294Z Packages: read
2026-02-25T10:26:30.4472855Z ##[endgroup]
2026-02-25T10:26:30.4475024Z Secret source: Actions
2026-02-25T10:26:30.4475727Z Prepare workflow directory
2026-02-25T10:26:30.4798291Z Prepare all required actions
2026-02-25T10:26:30.4836117Z Getting action download info
2026-02-25T10:26:31.0749937Z Download action repository 'actions/checkout@v4' (SHA:34e114876b0b11c390a56381ad16ebd13914f8d5)
2026-02-25T10:26:31.1966428Z Download action repository 'actions/setup-java@v4' (SHA:c1e323688fd81a25caa38c78aa6df2d33d3e20d9)
2026-02-25T10:26:32.4313723Z Download action repository 'gradle/actions@v3' (SHA:d9c87d481d55275bb5441eef3fe0e46805f9ef70)
2026-02-25T10:26:33.9942735Z Download action repository 'actions/upload-artifact@v4' (SHA:ea165f8d65b6e75b540449e92b4886f43607fa02)
2026-02-25T10:26:34.1193657Z Download action repository 'softprops/action-gh-release@v1' (SHA:de2c0eb89ae2a093876385947365aca7b0e5f844)
2026-02-25T10:26:35.0803206Z Complete job name: build
2026-02-25T10:26:35.1447984Z ##[group]Run actions/checkout@v4
2026-02-25T10:26:35.1448614Z with:
2026-02-25T10:26:35.1448828Z   repository: liubaokun/express-video
2026-02-25T10:26:35.1449297Z   token: ***
2026-02-25T10:26:35.1449492Z   ssh-strict: true
2026-02-25T10:26:35.1449672Z   ssh-user: git
2026-02-25T10:26:35.1449869Z   persist-credentials: true
2026-02-25T10:26:35.1450085Z   clean: true
2026-02-25T10:26:35.1450281Z   sparse-checkout-cone-mode: true
2026-02-25T10:26:35.1450518Z   fetch-depth: 1
2026-02-25T10:26:35.1450704Z   fetch-tags: false
2026-02-25T10:26:35.1450903Z   show-progress: true
2026-02-25T10:26:35.1451088Z   lfs: false
2026-02-25T10:26:35.1451255Z   submodules: false
2026-02-25T10:26:35.1451440Z   set-safe-directory: true
2026-02-25T10:26:35.1451888Z ##[endgroup]
2026-02-25T10:26:35.2519843Z Syncing repository: liubaokun/express-video
2026-02-25T10:26:35.2521185Z ##[group]Getting Git version info
2026-02-25T10:26:35.2521667Z Working directory is '/home/runner/work/express-video/express-video'
2026-02-25T10:26:35.2522244Z [command]/usr/bin/git version
2026-02-25T10:26:35.2643725Z git version 2.52.0
2026-02-25T10:26:35.2670806Z ##[endgroup]
2026-02-25T10:26:35.2687856Z Temporarily overriding HOME='/home/runner/work/_temp/2fbdd79e-f084-4c5c-8994-7573ad96cc8a' before making global git config changes
2026-02-25T10:26:35.2689320Z Adding repository directory to the temporary git global config as a safe directory
2026-02-25T10:26:35.2702575Z [command]/usr/bin/git config --global --add safe.directory /home/runner/work/express-video/express-video
2026-02-25T10:26:35.2756426Z Deleting the contents of '/home/runner/work/express-video/express-video'
2026-02-25T10:26:35.2760765Z ##[group]Initializing the repository
2026-02-25T10:26:35.2765617Z [command]/usr/bin/git init /home/runner/work/express-video/express-video
2026-02-25T10:26:35.2901562Z hint: Using 'master' as the name for the initial branch. This default branch name
2026-02-25T10:26:35.2902498Z hint: will change to "main" in Git 3.0. To configure the initial branch name
2026-02-25T10:26:35.2903166Z hint: to use in all of your new repositories, which will suppress this warning,
2026-02-25T10:26:35.2903840Z hint: call:
2026-02-25T10:26:35.2904386Z hint:
2026-02-25T10:26:35.2904856Z hint: 	git config --global init.defaultBranch <name>
2026-02-25T10:26:35.2905399Z hint:
2026-02-25T10:26:35.2905937Z hint: Names commonly chosen instead of 'master' are 'main', 'trunk' and
2026-02-25T10:26:35.2906914Z hint: 'development'. The just-created branch can be renamed via this command:
2026-02-25T10:26:35.2907920Z hint:
2026-02-25T10:26:35.2908295Z hint: 	git branch -m <name>
2026-02-25T10:26:35.2908725Z hint:
2026-02-25T10:26:35.2909339Z hint: Disable this message with "git config set advice.defaultBranchName false"
2026-02-25T10:26:35.2910709Z Initialized empty Git repository in /home/runner/work/express-video/express-video/.git/
2026-02-25T10:26:35.2920608Z [command]/usr/bin/git remote add origin https://github.com/liubaokun/express-video
2026-02-25T10:26:35.2957825Z ##[endgroup]
2026-02-25T10:26:35.2958455Z ##[group]Disabling automatic garbage collection
2026-02-25T10:26:35.2962645Z [command]/usr/bin/git config --local gc.auto 0
2026-02-25T10:26:35.2990872Z ##[endgroup]
2026-02-25T10:26:35.2991228Z ##[group]Setting up auth
2026-02-25T10:26:35.2999447Z [command]/usr/bin/git config --local --name-only --get-regexp core\.sshCommand
2026-02-25T10:26:35.3030056Z [command]/usr/bin/git submodule foreach --recursive sh -c "git config --local --name-only --get-regexp 'core\.sshCommand' && git config --local --unset-all 'core.sshCommand' || :"
2026-02-25T10:26:35.3430498Z [command]/usr/bin/git config --local --name-only --get-regexp http\.https\:\/\/github\.com\/\.extraheader
2026-02-25T10:26:35.3460410Z [command]/usr/bin/git submodule foreach --recursive sh -c "git config --local --name-only --get-regexp 'http\.https\:\/\/github\.com\/\.extraheader' && git config --local --unset-all 'http.https://github.com/.extraheader' || :"
2026-02-25T10:26:35.3681868Z [command]/usr/bin/git config --local --name-only --get-regexp ^includeIf\.gitdir:
2026-02-25T10:26:35.3710989Z [command]/usr/bin/git submodule foreach --recursive git config --local --show-origin --name-only --get-regexp remote.origin.url
2026-02-25T10:26:35.3939547Z [command]/usr/bin/git config --local http.https://github.com/.extraheader AUTHORIZATION: basic ***
2026-02-25T10:26:35.3973099Z ##[endgroup]
2026-02-25T10:26:35.3973814Z ##[group]Fetching the repository
2026-02-25T10:26:35.3982237Z [command]/usr/bin/git -c protocol.version=2 fetch --no-tags --prune --no-recurse-submodules --depth=1 origin +e6d89fdac2c404a296783936497692b29a41ad39:refs/remotes/origin/main
2026-02-25T10:26:35.8941139Z From https://github.com/liubaokun/express-video
2026-02-25T10:26:35.8974637Z  * [new ref]         e6d89fdac2c404a296783936497692b29a41ad39 -> origin/main
2026-02-25T10:26:35.8976906Z ##[endgroup]
2026-02-25T10:26:35.8977802Z ##[group]Determining the checkout info
2026-02-25T10:26:35.8978704Z ##[endgroup]
2026-02-25T10:26:35.8984166Z [command]/usr/bin/git sparse-checkout disable
2026-02-25T10:26:35.9027766Z [command]/usr/bin/git config --local --unset-all extensions.worktreeConfig
2026-02-25T10:26:35.9056183Z ##[group]Checking out the ref
2026-02-25T10:26:35.9061253Z [command]/usr/bin/git checkout --progress --force -B main refs/remotes/origin/main
2026-02-25T10:26:35.9152308Z Switched to a new branch 'main'
2026-02-25T10:26:35.9154664Z branch 'main' set up to track 'origin/main'.
2026-02-25T10:26:35.9161519Z ##[endgroup]
2026-02-25T10:26:35.9199462Z [command]/usr/bin/git log -1 --format=%H
2026-02-25T10:26:35.9222732Z e6d89fdac2c404a296783936497692b29a41ad39
2026-02-25T10:26:35.9544614Z ##[group]Run actions/setup-java@v4
2026-02-25T10:26:35.9544909Z with:
2026-02-25T10:26:35.9545273Z   java-version: 17
2026-02-25T10:26:35.9545471Z   distribution: temurin
2026-02-25T10:26:35.9545662Z   cache: gradle
2026-02-25T10:26:35.9545849Z   java-package: jdk
2026-02-25T10:26:35.9546034Z   check-latest: false
2026-02-25T10:26:35.9546226Z   server-id: github
2026-02-25T10:26:35.9546412Z   server-username: GITHUB_ACTOR
2026-02-25T10:26:35.9546645Z   server-password: GITHUB_TOKEN
2026-02-25T10:26:35.9546870Z   overwrite-settings: true
2026-02-25T10:26:35.9547250Z   job-status: success
2026-02-25T10:26:35.9547581Z   token: ***
2026-02-25T10:26:35.9547768Z ##[endgroup]
2026-02-25T10:26:36.1552515Z ##[group]Installed distributions
2026-02-25T10:26:36.1631828Z Resolved Java 17.0.18+8 from tool-cache
2026-02-25T10:26:36.1632996Z Setting Java 17.0.18+8 as the default
2026-02-25T10:26:36.1646530Z Creating toolchains.xml for JDK version 17 from temurin
2026-02-25T10:26:36.1725214Z Writing to /home/runner/.m2/toolchains.xml
2026-02-25T10:26:36.1726231Z 
2026-02-25T10:26:36.1726392Z Java configuration:
2026-02-25T10:26:36.1728398Z   Distribution: temurin
2026-02-25T10:26:36.1729075Z   Version: 17.0.18+8
2026-02-25T10:26:36.1729683Z   Path: /opt/hostedtoolcache/Java_Temurin-Hotspot_jdk/17.0.18-8/x64
2026-02-25T10:26:36.1730200Z 
2026-02-25T10:26:36.1730659Z ##[endgroup]
2026-02-25T10:26:36.1746903Z Creating settings.xml with server-id: github
2026-02-25T10:26:36.1753208Z Writing to /home/runner/.m2/settings.xml
2026-02-25T10:26:36.5078644Z gradle cache is not found
2026-02-25T10:26:36.5325250Z ##[group]Run gradle/actions/setup-gradle@v3
2026-02-25T10:26:36.5325563Z with:
2026-02-25T10:26:36.5325742Z   cache-disabled: false
2026-02-25T10:26:36.5325950Z   cache-read-only: false
2026-02-25T10:26:36.5326163Z   cache-write-only: false
2026-02-25T10:26:36.5326381Z   cache-overwrite-existing: false
2026-02-25T10:26:36.5326672Z   gradle-home-cache-includes: caches
notifications

2026-02-25T10:26:36.5326984Z   gradle-home-cache-cleanup: false
2026-02-25T10:26:36.5327420Z   add-job-summary: always
2026-02-25T10:26:36.5327670Z   add-job-summary-as-pr-comment: never
2026-02-25T10:26:36.5327948Z   dependency-graph: disabled
2026-02-25T10:26:36.5328220Z   dependency-graph-continue-on-failure: true
2026-02-25T10:26:36.5328500Z   build-scan-publish: false
2026-02-25T10:26:36.5328762Z   validate-wrappers: false
2026-02-25T10:26:36.5329002Z   generate-job-summary: true
2026-02-25T10:26:36.5329254Z   gradle-home-cache-strict-match: false
2026-02-25T10:26:36.5329570Z   workflow-job-context: null
2026-02-25T10:26:36.5329933Z   github-token: ***
2026-02-25T10:26:36.5330128Z env:
2026-02-25T10:26:36.5330413Z   JAVA_HOME: /opt/hostedtoolcache/Java_Temurin-Hotspot_jdk/17.0.18-8/x64
2026-02-25T10:26:36.5330877Z   JAVA_HOME_17_X64: /opt/hostedtoolcache/Java_Temurin-Hotspot_jdk/17.0.18-8/x64
2026-02-25T10:26:36.5331236Z ##[endgroup]
2026-02-25T10:26:37.7309112Z Merged default JDK locations into /home/runner/.m2/toolchains.xml
2026-02-25T10:26:37.7312040Z ##[group]Restore Gradle state from cache
2026-02-25T10:26:37.8405597Z ##[warning]Failed to restore gradle-home-v1|Linux|build[620c74083efa5b88ef904c2356f72d31]-e6d89fdac2c404a296783936497692b29a41ad39: Error: Cache service responded with 400
2026-02-25T10:26:37.8455617Z Gradle User Home cache not found. Will initialize empty.
2026-02-25T10:26:37.8456729Z ##[endgroup]
2026-02-25T10:26:37.8574643Z ##[group]Run cd android-app
2026-02-25T10:26:37.8574965Z [36;1mcd android-app[0m
2026-02-25T10:26:37.8575226Z [36;1mgradle assembleDebug --no-daemon[0m
2026-02-25T10:26:37.8608964Z shell: /usr/bin/bash -e {0}
2026-02-25T10:26:37.8609207Z env:
2026-02-25T10:26:37.8609510Z   JAVA_HOME: /opt/hostedtoolcache/Java_Temurin-Hotspot_jdk/17.0.18-8/x64
2026-02-25T10:26:37.8610002Z   JAVA_HOME_17_X64: /opt/hostedtoolcache/Java_Temurin-Hotspot_jdk/17.0.18-8/x64
2026-02-25T10:26:37.8610410Z   GRADLE_ACTION_ID: gradle/actions/setup-gradle
2026-02-25T10:26:37.8610705Z   GRADLE_BUILD_ACTION_SETUP_COMPLETED: true
2026-02-25T10:26:37.8610976Z   GRADLE_BUILD_ACTION_CACHE_RESTORED: true
2026-02-25T10:26:37.8611600Z   DEVELOCITY_INJECTION_INIT_SCRIPT_NAME: gradle-actions.inject-develocity.init.gradle
2026-02-25T10:26:37.8612070Z   DEVELOCITY_AUTO_INJECTION_CUSTOM_VALUE: gradle-actions
2026-02-25T10:26:37.8612381Z   GITHUB_DEPENDENCY_GRAPH_ENABLED: false
2026-02-25T10:26:37.8612625Z ##[endgroup]
2026-02-25T10:26:40.9077397Z 
2026-02-25T10:26:40.9078610Z Welcome to Gradle 9.3.1!
2026-02-25T10:26:40.9081804Z 
2026-02-25T10:26:40.9082255Z Here are the highlights of this release:
2026-02-25T10:26:40.9082875Z  - Test reporting improvements
2026-02-25T10:26:40.9090048Z  - Error and warning improvements
2026-02-25T10:26:40.9090563Z  - Build authoring improvements
2026-02-25T10:26:40.9090880Z 
2026-02-25T10:26:40.9091254Z For more details see https://docs.gradle.org/9.3.1/release-notes.html
2026-02-25T10:26:40.9091819Z 
2026-02-25T10:26:41.8069002Z To honour the JVM settings for this build a single-use Daemon process will be forked. For more on this, please refer to https://docs.gradle.org/9.3.1/userguide/gradle_daemon.html#sec:disabling_the_daemon in the Gradle documentation.
2026-02-25T10:26:47.9063419Z Daemon will be stopped at the end of the build 
2026-02-25T10:27:59.1095774Z 
2026-02-25T10:27:59.1102532Z [Incubating] Problems report is available at: file:///home/runner/work/express-video/express-video/android-app/build/reports/problems/problems-report.html
2026-02-25T10:27:59.1107718Z 
2026-02-25T10:27:59.1138000Z FAILURE: Build completed with 2 failures.
2026-02-25T10:27:59.1138392Z 
2026-02-25T10:27:59.1138563Z 1: Task failed with an exception.
2026-02-25T10:27:59.1142544Z -----------
2026-02-25T10:27:59.1142953Z * What went wrong:
2026-02-25T10:27:59.1143346Z org/gradle/api/internal/HasConvention
2026-02-25T10:27:59.1153040Z > org.gradle.api.internal.HasConvention
2026-02-25T10:27:59.1153505Z 
2026-02-25T10:27:59.1153639Z * Try:
2026-02-25T10:27:59.1154082Z > Run with --stacktrace option to get the stack trace.
2026-02-25T10:27:59.1154773Z > Run with --info or --debug option to get more log output.
2026-02-25T10:27:59.1155613Z > Run with --scan to get full insights from a Build Scan (powered by Develocity).
2026-02-25T10:27:59.1156416Z > Get more help at https://help.gradle.org.
2026-02-25T10:27:59.1156991Z ==============================================================================
2026-02-25T10:27:59.1165968Z 
2026-02-25T10:27:59.1166178Z 2: Task failed with an exception.
2026-02-25T10:27:59.1166595Z -----------
2026-02-25T10:27:59.1166902Z * What went wrong:
2026-02-25T10:27:59.1167605Z Failed to query the value of property 'buildFlowServiceProperty'.
2026-02-25T10:27:59.1174842Z > Could not isolate value org.jetbrains.kotlin.gradle.plugin.statistics.BuildFlowService$Parameters_Decorated@1dad7ca0 of type BuildFlowService.Parameters
2026-02-25T10:27:59.1176246Z    > Build completed with 1 failures.
2026-02-25T10:27:59.1176740Z       > org/gradle/api/internal/HasConvention
2026-02-25T10:27:59.1177227Z 
2026-02-25T10:27:59.1177353Z * Try:
2026-02-25T10:27:59.1177761Z > Run with --stacktrace option to get the stack trace.
2026-02-25T10:27:59.1187037Z > Run with --info or --debug option to get more log output.
2026-02-25T10:27:59.1193644Z > Run with --scan to get full insights from a Build Scan (powered by Develocity).
2026-02-25T10:27:59.1194449Z > Get more help at https://help.gradle.org.
2026-02-25T10:27:59.1195551Z ==============================================================================
2026-02-25T10:27:59.1196026Z 
2026-02-25T10:27:59.1196486Z Deprecated Gradle features were used in this build, making it incompatible with Gradle 10.
2026-02-25T10:27:59.1221791Z 
2026-02-25T10:27:59.1222618Z You can use '--warning-mode all' to show the individual deprecation warnings and determine if they come from your own scripts or plugins.
2026-02-25T10:27:59.1223675Z 
2026-02-25T10:27:59.1224613Z For more on this, please refer to https://docs.gradle.org/9.3.1/userguide/command_line_interface.html#sec:command_line_warnings in the Gradle documentation.
2026-02-25T10:27:59.1225770Z 
2026-02-25T10:27:59.1225916Z BUILD FAILED in 1m 21s
2026-02-25T10:27:59.3984667Z ##[error]Process completed with exit code 1.
2026-02-25T10:27:59.4140552Z Post job cleanup.
2026-02-25T10:27:59.6576669Z In post-action step
2026-02-25T10:27:59.6582826Z Stopping all Gradle daemons before saving Gradle User Home state
2026-02-25T10:27:59.6586784Z ##[group]Caching Gradle state
2026-02-25T10:27:59.6730000Z Caching generated-gradle-jars with path '/home/runner/.gradle/caches/9.3.1/generated-gradle-jars/gradle-api-9.3.1.jar' and cache key: gradle-generated-gradle-jars-v1-cb4b032a7d08b9bf1e84e9eacaebcc29
2026-02-25T10:27:59.6999543Z [command]/usr/bin/tar --posix -cf cache.tzst --exclude cache.tzst -P -C /home/runner/work/express-video/express-video --files-from manifest.txt --use-compress-program zstdmt
2026-02-25T10:27:59.9997421Z Caching dependencies with path '/home/runner/.gradle/caches/modules-*/files-*/*/*/*/*' and cache key: gradle-dependencies-v1-6af8b84fb2ee3b7a9219c45b2d816a77
2026-02-25T10:28:00.0163842Z Caching instrumented-jars with path '/home/runner/.gradle/caches/jars-*/*/' and cache key: gradle-instrumented-jars-v1-9adad48d0b2c821b3e2b2732f36307e6
2026-02-25T10:28:00.0551221Z Caching kotlin-dsl with path '/home/runner/.gradle/caches/*/kotlin-dsl/accessors/*/
2026-02-25T10:28:00.0553095Z /home/runner/.gradle/caches/*/kotlin-dsl/scripts/*/' and cache key: gradle-kotlin-dsl-v1-057b75a3f6af301051b4d4c1d7996ac4
2026-02-25T10:28:00.0728287Z [command]/usr/bin/tar --posix -cf cache.tzst --exclude cache.tzst -P -C /home/runner/work/express-video/express-video --files-from manifest.txt --use-compress-program zstdmt
2026-02-25T10:28:00.0820402Z Caching groovy-dsl with path '/home/runner/.gradle/caches/*/groovy-dsl/*/' and cache key: gradle-groovy-dsl-v1-6530483eab47d31515cb5eab2c0a8e04
2026-02-25T10:28:00.1660882Z [command]/usr/bin/tar --posix -cf cache.tzst --exclude cache.tzst -P -C /home/runner/work/express-video/express-video --files-from manifest.txt --use-compress-program zstdmt
2026-02-25T10:28:00.1964814Z [command]/usr/bin/tar --posix -cf cache.tzst --exclude cache.tzst -P -C /home/runner/work/express-video/express-video --files-from manifest.txt --use-compress-program zstdmt
2026-02-25T10:28:00.2065525Z ##[warning]Failed to save cache entry with path '/home/runner/.gradle/caches/jars-*/*/' and key: gradle-instrumented-jars-v1-9adad48d0b2c821b3e2b2732f36307e6: Error: <h2>Our services aren't available right now</h2><p>We're working to restore all services as soon as possible. Please check back soon.</p>0sM6eaQAAAABDk/knCRtpRazYqcH4kOElUEFPRURHRTA2MTMARWRnZQ==
2026-02-25T10:28:00.2630258Z ##[warning]Failed to save cache entry with path '/home/runner/.gradle/caches/*/kotlin-dsl/accessors/*/
/home/runner/.gradle/caches/*/kotlin-dsl/scripts/*/' and key: gradle-kotlin-dsl-v1-057b75a3f6af301051b4d4c1d7996ac4: Error: <h2>Our services aren't available right now</h2><p>We're working to restore all services as soon as possible. Please check back soon.</p>0sM6eaQAAAADIN4R3P9XcRLUla0uO5ChFUEFPRURHRTA1MDcARWRnZQ==
2026-02-25T10:28:00.2743109Z ##[warning]Failed to save cache entry with path '/home/runner/.gradle/caches/*/groovy-dsl/*/' and key: gradle-groovy-dsl-v1-6530483eab47d31515cb5eab2c0a8e04: Error: <h2>Our services aren't available right now</h2><p>We're working to restore all services as soon as possible. Please check back soon.</p>0sM6eaQAAAAA+LoRYXjXJS5iqs8yODw28UEFPRURHRTA1MTMARWRnZQ==
2026-02-25T10:28:00.3576704Z ##[warning]Failed to save cache entry with path '/home/runner/.gradle/caches/9.3.1/generated-gradle-jars/gradle-api-9.3.1.jar' and key: gradle-generated-gradle-jars-v1-cb4b032a7d08b9bf1e84e9eacaebcc29: Error: <h2>Our services aren't available right now</h2><p>We're working to restore all services as soon as possible. Please check back soon.</p>0sM6eaQAAAAD/zsRKvkWVSJ7xQ12NWYe6UEFPRURHRTA2MDcARWRnZQ==
2026-02-25T10:28:00.5708685Z [command]/usr/bin/tar --posix -cf cache.tzst --exclude cache.tzst -P -C /home/runner/work/express-video/express-video --files-from manifest.txt --use-compress-program zstdmt
2026-02-25T10:28:00.5955545Z Caching transforms with path '/home/runner/.gradle/caches/transforms-4/*/
2026-02-25T10:28:00.5957691Z /home/runner/.gradle/caches/*/transforms/*/' and cache key: gradle-transforms-v1-d96edbaa0890142bfd10397007143160
2026-02-25T10:28:00.9997410Z [command]/usr/bin/tar --posix -cf cache.tzst --exclude cache.tzst -P -C /home/runner/work/express-video/express-video --files-from manifest.txt --use-compress-program zstdmt
2026-02-25T10:28:01.2342976Z ##[warning]Failed to save cache entry with path '/home/runner/.gradle/caches/modules-*/files-*/*/*/*/*' and key: gradle-dependencies-v1-6af8b84fb2ee3b7a9219c45b2d816a77: Error: <h2>Our services aren't available right now</h2><p>We're working to restore all services as soon as possible. Please check back soon.</p>0sc6eaQAAAAAr2/omWA5ZTodhyhEbbvy0UEFPRURHRTA1MDgARWRnZQ==
2026-02-25T10:28:02.1548978Z ##[warning]Failed to save cache entry with path '/home/runner/.gradle/caches/transforms-4/*/
/home/runner/.gradle/caches/*/transforms/*/' and key: gradle-transforms-v1-d96edbaa0890142bfd10397007143160: Error: <h2>Our services aren't available right now</h2><p>We're working to restore all services as soon as possible. Please check back soon.</p>0ss6eaQAAAAAioQFNLbKfQ73oFkOQvZTTUEFPRURHRTA2MTUARWRnZQ==
2026-02-25T10:28:02.4689568Z Caching Gradle User Home with cache key: gradle-home-v1|Linux|build[620c74083efa5b88ef904c2356f72d31]-e6d89fdac2c404a296783936497692b29a41ad39
2026-02-25T10:28:02.4779908Z [command]/usr/bin/tar --posix -cf cache.tzst --exclude cache.tzst -P -C /home/runner/work/express-video/express-video --files-from manifest.txt --use-compress-program zstdmt
2026-02-25T10:28:02.5501064Z ##[warning]Failed to save cache entry with path '/home/runner/.gradle/caches,/home/runner/.gradle/notifications,/home/runner/.gradle/.setup-gradle' and key: gradle-home-v1|Linux|build[620c74083efa5b88ef904c2356f72d31]-e6d89fdac2c404a296783936497692b29a41ad39: Error: <h2>Our services aren't available right now</h2><p>We're working to restore all services as soon as possible. Please check back soon.</p>0ss6eaQAAAACnyW7zAB6BS6fWHghgonSxUEFPRURHRTA2MTgARWRnZQ==
2026-02-25T10:28:02.5504964Z ##[endgroup]
2026-02-25T10:28:02.5505186Z Generating Job Summary
2026-02-25T10:28:02.5518133Z Completed post-action step
2026-02-25T10:28:02.5710779Z Post job cleanup.
2026-02-25T10:28:02.7514772Z Post job cleanup.
2026-02-25T10:28:02.8466522Z [command]/usr/bin/git version
2026-02-25T10:28:02.8502954Z git version 2.52.0
2026-02-25T10:28:02.8547636Z Temporarily overriding HOME='/home/runner/work/_temp/d95e5e90-67eb-403d-992d-1d0227bf415f' before making global git config changes
2026-02-25T10:28:02.8549042Z Adding repository directory to the temporary git global config as a safe directory
2026-02-25T10:28:02.8554341Z [command]/usr/bin/git config --global --add safe.directory /home/runner/work/express-video/express-video
2026-02-25T10:28:02.8597393Z [command]/usr/bin/git config --local --name-only --get-regexp core\.sshCommand
2026-02-25T10:28:02.8631942Z [command]/usr/bin/git submodule foreach --recursive sh -c "git config --local --name-only --get-regexp 'core\.sshCommand' && git config --local --unset-all 'core.sshCommand' || :"
2026-02-25T10:28:02.8872980Z [command]/usr/bin/git config --local --name-only --get-regexp http\.https\:\/\/github\.com\/\.extraheader
2026-02-25T10:28:02.8898332Z http.https://github.com/.extraheader
2026-02-25T10:28:02.8911685Z [command]/usr/bin/git config --local --unset-all http.https://github.com/.extraheader
2026-02-25T10:28:02.8946812Z [command]/usr/bin/git submodule foreach --recursive sh -c "git config --local --name-only --get-regexp 'http\.https\:\/\/github\.com\/\.extraheader' && git config --local --unset-all 'http.https://github.com/.extraheader' || :"
2026-02-25T10:28:02.9178664Z [command]/usr/bin/git config --local --name-only --get-regexp ^includeIf\.gitdir:
2026-02-25T10:28:02.9212404Z [command]/usr/bin/git submodule foreach --recursive git config --local --show-origin --name-only --get-regexp remote.origin.url
2026-02-25T10:28:02.9583028Z Cleaning up orphan processes

