Ã¯Â»Â¿2026-02-25T11:54:17.4120895Z Current runner version: '2.331.0'
2026-02-25T11:54:17.4145518Z ##[group]Runner Image Provisioner
2026-02-25T11:54:17.4146453Z Hosted Compute Agent
2026-02-25T11:54:17.4147109Z Version: 20260123.484
2026-02-25T11:54:17.4147704Z Commit: 6bd6555ca37d84114959e1c76d2c01448ff61c5d
2026-02-25T11:54:17.4148400Z Build Date: 2026-01-23T19:41:17Z
2026-02-25T11:54:17.4149114Z Worker ID: {d4949f7e-2a41-49d4-bfaf-d938c98cca4c}
2026-02-25T11:54:17.4149811Z Azure Region: northcentralus
2026-02-25T11:54:17.4150419Z ##[endgroup]
2026-02-25T11:54:17.4151873Z ##[group]Operating System
2026-02-25T11:54:17.4152490Z Ubuntu
2026-02-25T11:54:17.4152912Z 24.04.3
2026-02-25T11:54:17.4153410Z LTS
2026-02-25T11:54:17.4153907Z ##[endgroup]
2026-02-25T11:54:17.4154362Z ##[group]Runner Image
2026-02-25T11:54:17.4154936Z Image: ubuntu-24.04
2026-02-25T11:54:17.4155567Z Version: 20260201.15.1
2026-02-25T11:54:17.4156716Z Included Software: https://github.com/actions/runner-images/blob/ubuntu24/20260201.15/images/ubuntu/Ubuntu2404-Readme.md
2026-02-25T11:54:17.4158262Z Image Release: https://github.com/actions/runner-images/releases/tag/ubuntu24%2F20260201.15
2026-02-25T11:54:17.4159238Z ##[endgroup]
2026-02-25T11:54:17.4160378Z ##[group]GITHUB_TOKEN Permissions
2026-02-25T11:54:17.4162420Z Contents: read
2026-02-25T11:54:17.4162948Z Metadata: read
2026-02-25T11:54:17.4163534Z Packages: read
2026-02-25T11:54:17.4164035Z ##[endgroup]
2026-02-25T11:54:17.4166408Z Secret source: Actions
2026-02-25T11:54:17.4167524Z Prepare workflow directory
2026-02-25T11:54:17.4501602Z Prepare all required actions
2026-02-25T11:54:17.4542140Z Getting action download info
2026-02-25T11:54:17.8800905Z Download action repository 'actions/checkout@v4' (SHA:34e114876b0b11c390a56381ad16ebd13914f8d5)
2026-02-25T11:54:17.9961156Z Download action repository 'actions/setup-java@v4' (SHA:c1e323688fd81a25caa38c78aa6df2d33d3e20d9)
2026-02-25T11:54:18.5002108Z Download action repository 'gradle/actions@v3' (SHA:d9c87d481d55275bb5441eef3fe0e46805f9ef70)
2026-02-25T11:54:19.3401911Z Download action repository 'actions/upload-artifact@v4' (SHA:ea165f8d65b6e75b540449e92b4886f43607fa02)
2026-02-25T11:54:19.4684722Z Download action repository 'softprops/action-gh-release@v1' (SHA:de2c0eb89ae2a093876385947365aca7b0e5f844)
2026-02-25T11:54:19.9380428Z Complete job name: build
2026-02-25T11:54:20.0224939Z ##[group]Run actions/checkout@v4
2026-02-25T11:54:20.0226452Z with:
2026-02-25T11:54:20.0227160Z   repository: liubaokun/express-video
2026-02-25T11:54:20.0228396Z   token: ***
2026-02-25T11:54:20.0229069Z   ssh-strict: true
2026-02-25T11:54:20.0229734Z   ssh-user: git
2026-02-25T11:54:20.0230433Z   persist-credentials: true
2026-02-25T11:54:20.0231215Z   clean: true
2026-02-25T11:54:20.0231921Z   sparse-checkout-cone-mode: true
2026-02-25T11:54:20.0232808Z   fetch-depth: 1
2026-02-25T11:54:20.0233482Z   fetch-tags: false
2026-02-25T11:54:20.0234182Z   show-progress: true
2026-02-25T11:54:20.0234883Z   lfs: false
2026-02-25T11:54:20.0235837Z   submodules: false
2026-02-25T11:54:20.0236566Z   set-safe-directory: true
2026-02-25T11:54:20.0237673Z ##[endgroup]
2026-02-25T11:54:20.1349338Z Syncing repository: liubaokun/express-video
2026-02-25T11:54:20.1352736Z ##[group]Getting Git version info
2026-02-25T11:54:20.1354120Z Working directory is '/home/runner/work/express-video/express-video'
2026-02-25T11:54:20.1356383Z [command]/usr/bin/git version
2026-02-25T11:54:20.1428589Z git version 2.52.0
2026-02-25T11:54:20.1456199Z ##[endgroup]
2026-02-25T11:54:20.1474233Z Temporarily overriding HOME='/home/runner/work/_temp/79cf945e-0126-4889-90e2-988c89d84051' before making global git config changes
2026-02-25T11:54:20.1478910Z Adding repository directory to the temporary git global config as a safe directory
2026-02-25T11:54:20.1482568Z [command]/usr/bin/git config --global --add safe.directory /home/runner/work/express-video/express-video
2026-02-25T11:54:20.1531350Z Deleting the contents of '/home/runner/work/express-video/express-video'
2026-02-25T11:54:20.1534842Z ##[group]Initializing the repository
2026-02-25T11:54:20.1540781Z [command]/usr/bin/git init /home/runner/work/express-video/express-video
2026-02-25T11:54:20.1638508Z hint: Using 'master' as the name for the initial branch. This default branch name
2026-02-25T11:54:20.1641127Z hint: will change to "main" in Git 3.0. To configure the initial branch name
2026-02-25T11:54:20.1642811Z hint: to use in all of your new repositories, which will suppress this warning,
2026-02-25T11:54:20.1644112Z hint: call:
2026-02-25T11:54:20.1644731Z hint:
2026-02-25T11:54:20.1645840Z hint: 	git config --global init.defaultBranch <name>
2026-02-25T11:54:20.1646896Z hint:
2026-02-25T11:54:20.1647873Z hint: Names commonly chosen instead of 'master' are 'main', 'trunk' and
2026-02-25T11:54:20.1649519Z hint: 'development'. The just-created branch can be renamed via this command:
2026-02-25T11:54:20.1651032Z hint:
2026-02-25T11:54:20.1651735Z hint: 	git branch -m <name>
2026-02-25T11:54:20.1653053Z hint:
2026-02-25T11:54:20.1654504Z hint: Disable this message with "git config set advice.defaultBranchName false"
2026-02-25T11:54:20.1658131Z Initialized empty Git repository in /home/runner/work/express-video/express-video/.git/
2026-02-25T11:54:20.1668736Z [command]/usr/bin/git remote add origin https://github.com/liubaokun/express-video
2026-02-25T11:54:20.1705597Z ##[endgroup]
2026-02-25T11:54:20.1707738Z ##[group]Disabling automatic garbage collection
2026-02-25T11:54:20.1709746Z [command]/usr/bin/git config --local gc.auto 0
2026-02-25T11:54:20.1740656Z ##[endgroup]
2026-02-25T11:54:20.1742599Z ##[group]Setting up auth
2026-02-25T11:54:20.1748800Z [command]/usr/bin/git config --local --name-only --get-regexp core\.sshCommand
2026-02-25T11:54:20.1782763Z [command]/usr/bin/git submodule foreach --recursive sh -c "git config --local --name-only --get-regexp 'core\.sshCommand' && git config --local --unset-all 'core.sshCommand' || :"
2026-02-25T11:54:20.2132973Z [command]/usr/bin/git config --local --name-only --get-regexp http\.https\:\/\/github\.com\/\.extraheader
2026-02-25T11:54:20.2163558Z [command]/usr/bin/git submodule foreach --recursive sh -c "git config --local --name-only --get-regexp 'http\.https\:\/\/github\.com\/\.extraheader' && git config --local --unset-all 'http.https://github.com/.extraheader' || :"
2026-02-25T11:54:20.2381586Z [command]/usr/bin/git config --local --name-only --get-regexp ^includeIf\.gitdir:
2026-02-25T11:54:20.2411345Z [command]/usr/bin/git submodule foreach --recursive git config --local --show-origin --name-only --get-regexp remote.origin.url
2026-02-25T11:54:20.2643086Z [command]/usr/bin/git config --local http.https://github.com/.extraheader AUTHORIZATION: basic ***
2026-02-25T11:54:20.2678724Z ##[endgroup]
2026-02-25T11:54:20.2680887Z ##[group]Fetching the repository
2026-02-25T11:54:20.2690098Z [command]/usr/bin/git -c protocol.version=2 fetch --no-tags --prune --no-recurse-submodules --depth=1 origin +2a54605b7ec9af6265c1466144f586d4d03fb463:refs/remotes/origin/main
2026-02-25T11:54:20.5342587Z From https://github.com/liubaokun/express-video
2026-02-25T11:54:20.5344002Z  * [new ref]         2a54605b7ec9af6265c1466144f586d4d03fb463 -> origin/main
2026-02-25T11:54:20.5377873Z ##[endgroup]
2026-02-25T11:54:20.5378737Z ##[group]Determining the checkout info
2026-02-25T11:54:20.5380710Z ##[endgroup]
2026-02-25T11:54:20.5387239Z [command]/usr/bin/git sparse-checkout disable
2026-02-25T11:54:20.5435932Z [command]/usr/bin/git config --local --unset-all extensions.worktreeConfig
2026-02-25T11:54:20.5468816Z ##[group]Checking out the ref
2026-02-25T11:54:20.5472748Z [command]/usr/bin/git checkout --progress --force -B main refs/remotes/origin/main
2026-02-25T11:54:20.5565005Z Switched to a new branch 'main'
2026-02-25T11:54:20.5568449Z branch 'main' set up to track 'origin/main'.
2026-02-25T11:54:20.5574485Z ##[endgroup]
2026-02-25T11:54:20.5607997Z [command]/usr/bin/git log -1 --format=%H
2026-02-25T11:54:20.5629664Z 2a54605b7ec9af6265c1466144f586d4d03fb463
2026-02-25T11:54:20.5904040Z ##[group]Run actions/setup-java@v4
2026-02-25T11:54:20.5904459Z with:
2026-02-25T11:54:20.5904947Z   java-version: 17
2026-02-25T11:54:20.5905241Z   distribution: temurin
2026-02-25T11:54:20.5905695Z   cache: gradle
2026-02-25T11:54:20.5905980Z   java-package: jdk
2026-02-25T11:54:20.5906268Z   check-latest: false
2026-02-25T11:54:20.5906572Z   server-id: github
2026-02-25T11:54:20.5906868Z   server-username: GITHUB_ACTOR
2026-02-25T11:54:20.5907217Z   server-password: GITHUB_TOKEN
2026-02-25T11:54:20.5907554Z   overwrite-settings: true
2026-02-25T11:54:20.5907874Z   job-status: success
2026-02-25T11:54:20.5908322Z   token: ***
2026-02-25T11:54:20.5908594Z ##[endgroup]
2026-02-25T11:54:20.8032407Z ##[group]Installed distributions
2026-02-25T11:54:20.8103299Z Resolved Java 17.0.18+8 from tool-cache
2026-02-25T11:54:20.8104497Z Setting Java 17.0.18+8 as the default
2026-02-25T11:54:20.8119133Z Creating toolchains.xml for JDK version 17 from temurin
2026-02-25T11:54:20.8205795Z Writing to /home/runner/.m2/toolchains.xml
2026-02-25T11:54:20.8206382Z 
2026-02-25T11:54:20.8206637Z Java configuration:
2026-02-25T11:54:20.8208524Z   Distribution: temurin
2026-02-25T11:54:20.8209106Z   Version: 17.0.18+8
2026-02-25T11:54:20.8209920Z   Path: /opt/hostedtoolcache/Java_Temurin-Hotspot_jdk/17.0.18-8/x64
2026-02-25T11:54:20.8210532Z 
2026-02-25T11:54:20.8211567Z ##[endgroup]
2026-02-25T11:54:20.8227586Z Creating settings.xml with server-id: github
2026-02-25T11:54:20.8230370Z Writing to /home/runner/.m2/settings.xml
2026-02-25T11:54:21.0075009Z gradle cache is not found
2026-02-25T11:54:21.0316294Z ##[group]Run gradle/actions/setup-gradle@v3
2026-02-25T11:54:21.0316692Z with:
2026-02-25T11:54:21.0316987Z   gradle-version: 8.5
2026-02-25T11:54:21.0317300Z   cache-disabled: false
2026-02-25T11:54:21.0317600Z   cache-read-only: false
2026-02-25T11:54:21.0317922Z   cache-write-only: false
2026-02-25T11:54:21.0318253Z   cache-overwrite-existing: false
2026-02-25T11:54:21.0318661Z   gradle-home-cache-includes: caches
notifications

2026-02-25T11:54:21.0319084Z   gradle-home-cache-cleanup: false
2026-02-25T11:54:21.0319448Z   add-job-summary: always
2026-02-25T11:54:21.0319779Z   add-job-summary-as-pr-comment: never
2026-02-25T11:54:21.0320145Z   dependency-graph: disabled
2026-02-25T11:54:21.0320506Z   dependency-graph-continue-on-failure: true
2026-02-25T11:54:21.0320882Z   build-scan-publish: false
2026-02-25T11:54:21.0321213Z   validate-wrappers: false
2026-02-25T11:54:21.0321540Z   generate-job-summary: true
2026-02-25T11:54:21.0321887Z   gradle-home-cache-strict-match: false
2026-02-25T11:54:21.0322282Z   workflow-job-context: null
2026-02-25T11:54:21.0322811Z   github-token: ***
2026-02-25T11:54:21.0323086Z env:
2026-02-25T11:54:21.0323463Z   JAVA_HOME: /opt/hostedtoolcache/Java_Temurin-Hotspot_jdk/17.0.18-8/x64
2026-02-25T11:54:21.0324044Z   JAVA_HOME_17_X64: /opt/hostedtoolcache/Java_Temurin-Hotspot_jdk/17.0.18-8/x64
2026-02-25T11:54:21.0324514Z ##[endgroup]
2026-02-25T11:54:21.4369085Z Merged default JDK locations into /home/runner/.m2/toolchains.xml
2026-02-25T11:54:21.4371701Z ##[group]Restore Gradle state from cache
2026-02-25T11:54:21.5769875Z ##[warning]Failed to restore gradle-home-v1|Linux|build[620c74083efa5b88ef904c2356f72d31]-2a54605b7ec9af6265c1466144f586d4d03fb463: Error: Cache service responded with 400
2026-02-25T11:54:21.5826542Z Gradle User Home cache not found. Will initialize empty.
2026-02-25T11:54:21.5827361Z ##[endgroup]
2026-02-25T11:54:21.6290709Z ##[group]Provision Gradle 8.5
2026-02-25T11:54:21.6612938Z ##[warning]Restore Gradle distribution 8.5 failed: Error: Cache service responded with 400
2026-02-25T11:54:21.6615316Z Gradle distribution 8.5 not found in cache. Will download.
2026-02-25T11:54:22.5386340Z Downloaded https://services.gradle.org/distributions/gradle-8.5-bin.zip to /home/runner/gradle-installations/downloads/gradle-8.5-bin.zip (size 132519731)
2026-02-25T11:54:22.5518345Z [command]/usr/bin/tar --posix -cf cache.tzst --exclude cache.tzst -P -C /home/runner/work/express-video/express-video --files-from manifest.txt --use-compress-program zstdmt
2026-02-25T11:54:22.7820517Z ##[warning]Save Gradle distribution 8.5 failed: Error: <h2>Our services aren't available right now</h2><p>We're working to restore all services as soon as possible. Please check back soon.</p>07uKeaQAAAAAnFL+qG/4LS45fwqyT6zD3Q0hHRURHRTE5MTEARWRnZQ==
2026-02-25T11:54:22.7838747Z [command]/usr/bin/unzip -o -q /home/runner/gradle-installations/downloads/gradle-8.5-bin.zip
2026-02-25T11:54:23.7712610Z Extracted Gradle 8.5 to /home/runner/gradle-installations/installs/gradle-8.5
2026-02-25T11:54:23.7715072Z Provisioned Gradle executable /home/runner/gradle-installations/installs/gradle-8.5/bin/gradle
2026-02-25T11:54:23.7716758Z ##[endgroup]
2026-02-25T11:54:23.7851742Z ##[group]Run cd android-app
2026-02-25T11:54:23.7852076Z [36;1mcd android-app[0m
2026-02-25T11:54:23.7852332Z [36;1mgradle assembleDebug --no-daemon[0m
2026-02-25T11:54:23.7887117Z shell: /usr/bin/bash -e {0}
2026-02-25T11:54:23.7887374Z env:
2026-02-25T11:54:23.7887677Z   JAVA_HOME: /opt/hostedtoolcache/Java_Temurin-Hotspot_jdk/17.0.18-8/x64
2026-02-25T11:54:23.7888204Z   JAVA_HOME_17_X64: /opt/hostedtoolcache/Java_Temurin-Hotspot_jdk/17.0.18-8/x64
2026-02-25T11:54:23.7888642Z   GRADLE_ACTION_ID: gradle/actions/setup-gradle
2026-02-25T11:54:23.7888971Z   GRADLE_BUILD_ACTION_SETUP_COMPLETED: true
2026-02-25T11:54:23.7889253Z   GRADLE_BUILD_ACTION_CACHE_RESTORED: true
2026-02-25T11:54:23.7889690Z   DEVELOCITY_INJECTION_INIT_SCRIPT_NAME: gradle-actions.inject-develocity.init.gradle
2026-02-25T11:54:23.7890183Z   DEVELOCITY_AUTO_INJECTION_CUSTOM_VALUE: gradle-actions
2026-02-25T11:54:23.7890511Z   GITHUB_DEPENDENCY_GRAPH_ENABLED: false
2026-02-25T11:54:23.7890767Z ##[endgroup]
2026-02-25T11:54:24.3379473Z 
2026-02-25T11:54:24.3387949Z Welcome to Gradle 8.5!
2026-02-25T11:54:24.3388305Z 
2026-02-25T11:54:24.3388477Z Here are the highlights of this release:
2026-02-25T11:54:24.3388795Z  - Support for running on Java 21
2026-02-25T11:54:24.3389114Z  - Faster first use with Kotlin DSL
2026-02-25T11:54:24.3390255Z  - Improved error and warning messages
2026-02-25T11:54:24.3390658Z 
2026-02-25T11:54:24.3391028Z For more details see https://docs.gradle.org/8.5/release-notes.html
2026-02-25T11:54:24.3391619Z 
2026-02-25T11:54:24.4366162Z To honour the JVM settings for this build a single-use Daemon process will be forked. For more on this, please refer to https://docs.gradle.org/8.5/userguide/gradle_daemon.html#sec:disabling_the_daemon in the Gradle documentation.
2026-02-25T11:54:25.5366627Z Daemon will be stopped at the end of the build 
2026-02-25T11:56:05.2427014Z > Task :app:preBuild UP-TO-DATE
2026-02-25T11:56:05.2427825Z > Task :app:preDebugBuild UP-TO-DATE
2026-02-25T11:56:05.3365772Z > Task :app:mergeDebugNativeDebugMetadata NO-SOURCE
2026-02-25T11:56:05.3409471Z > Task :app:checkKotlinGradlePluginConfigurationErrors
2026-02-25T11:56:05.3411226Z > Task :app:generateDebugBuildConfig
2026-02-25T11:56:35.3358688Z > Task :app:checkDebugAarMetadata
2026-02-25T11:57:36.1389975Z > Task :app:generateDebugResValues
2026-02-25T11:57:36.2360248Z > Task :app:mapDebugSourceSetPaths
2026-02-25T11:57:36.2361413Z > Task :app:generateDebugResources
2026-02-25T11:57:37.5361593Z > Task :app:packageDebugResources
2026-02-25T11:57:38.3359636Z > Task :app:mergeDebugResources
2026-02-25T11:57:38.9377005Z > Task :app:createDebugCompatibleScreenManifests
2026-02-25T11:57:38.9378175Z > Task :app:extractDeepLinksDebug
2026-02-25T11:57:39.0359092Z > Task :app:parseDebugLocalResources
2026-02-25T11:57:39.4360839Z > Task :app:processDebugMainManifest
2026-02-25T11:57:39.5380290Z > Task :app:processDebugManifest
2026-02-25T11:57:39.5386830Z > Task :app:javaPreCompileDebug
2026-02-25T11:57:39.5387560Z > Task :app:mergeDebugShaders
2026-02-25T11:57:39.5392573Z > Task :app:compileDebugShaders NO-SOURCE
2026-02-25T11:57:39.5394834Z > Task :app:generateDebugAssets UP-TO-DATE
2026-02-25T11:57:39.6371192Z > Task :app:mergeDebugAssets
2026-02-25T11:57:39.7402894Z > Task :app:desugarDebugFileDependencies
2026-02-25T11:57:39.7403807Z > Task :app:compressDebugAssets
2026-02-25T11:57:41.5361233Z > Task :app:mergeDebugJniLibFolders
2026-02-25T11:57:41.6367376Z > Task :app:checkDebugDuplicateClasses
2026-02-25T11:57:41.6368022Z > Task :app:processDebugManifestForPackage
2026-02-25T11:57:41.7359595Z > Task :app:mergeDebugNativeLibs
2026-02-25T11:57:43.6387186Z > Task :app:processDebugResources
2026-02-25T11:58:13.0359004Z > Task :app:mergeExtDexDebug
2026-02-25T11:59:08.9379489Z > Task :app:mergeLibDexDebug
2026-02-25T11:59:09.0376627Z 
2026-02-25T11:59:09.0416476Z > Task :app:stripDebugDebugSymbols
2026-02-25T11:59:09.0446284Z Unable to strip the following libraries, packaging them as they are: libbarhopper_v3.so, libimage_processing_util_jni.so.
2026-02-25T11:59:09.9357768Z 
2026-02-25T11:59:09.9362800Z > Task :app:validateSigningDebug
2026-02-25T11:59:09.9385043Z > Task :app:writeDebugAppMetadata
2026-02-25T11:59:09.9389089Z > Task :app:writeDebugSigningConfigVersions
2026-02-25T11:59:18.2371973Z e: file:///home/runner/work/express-video/express-video/android-app/app/src/main/java/com/express/video/MainActivity.kt:59:67 Unresolved reference: it
2026-02-25T11:59:18.2374493Z e: file:///home/runner/work/express-video/express-video/android-app/app/src/main/java/com/express/video/camera/CameraManager.kt:80:20 Unresolved reference: surfaceProvider
2026-02-25T11:59:18.2394838Z e: file:///home/runner/work/express-video/express-video/android-app/app/src/main/java/com/express/video/repository/SettingsRepository.kt:55:29 Type mismatch: inferred type is {Comparable<CapturedType(*)> & java.io.Serializable} but Boolean was expected
2026-02-25T11:59:18.2397063Z 
2026-02-25T11:59:18.2403831Z e: file:///home/runner/work/express-video/express-video/android-app/app/src/main/java/com/express/video/ui/screens/RecordScreen.kt:94:31 Type mismatch: inferred type is Preview? but PreviewView? was expected
2026-02-25T11:59:18.2406054Z > Task :app:compileDebugKotlin FAILED
2026-02-25T11:59:18.2408015Z e: file:///home/runner/work/express-video/express-video/android-app/app/src/main/java/com/express/video/ui/screens/RecordScreen.kt:94:39 Cannot access 'preview': it is private in 'CameraManager'
2026-02-25T11:59:18.2410470Z e: file:///home/runner/work/express-video/express-video/android-app/app/src/main/java/com/express/video/ui/screens/RecordScreen.kt:177:21 None of the following functions can be called with the arguments supplied: 
2026-02-25T11:59:18.2412870Z public fun CircularProgressIndicator(modifier: Modifier = ..., color: Color = ..., strokeWidth: Dp = ..., trackColor: Color = ..., strokeCap: StrokeCap = ...): Unit defined in androidx.compose.material3
2026-02-25T11:59:18.2415217Z public fun CircularProgressIndicator(progress: Float, modifier: Modifier = ..., color: Color = ..., strokeWidth: Dp = ..., trackColor: Color = ..., strokeCap: StrokeCap = ...): Unit defined in androidx.compose.material3
2026-02-25T11:59:18.2417664Z e: file:///home/runner/work/express-video/express-video/android-app/app/src/main/java/com/express/video/ui/screens/ScanScreen.kt:143:36 Unresolved reference: surfaceProvider
2026-02-25T11:59:18.2419787Z e: file:///home/runner/work/express-video/express-video/android-app/app/src/main/java/com/express/video/ui/screens/SettingsScreen.kt:17:40 Unresolved reference: automirrored
2026-02-25T11:59:18.2421869Z e: file:///home/runner/work/express-video/express-video/android-app/app/src/main/java/com/express/video/ui/screens/SettingsScreen.kt:81:49 Unresolved reference: AutoMirrored
2026-02-25T11:59:18.3374334Z 
2026-02-25T11:59:18.3381276Z FAILURE: Build failed with an exception.
2026-02-25T11:59:18.3387229Z 
2026-02-25T11:59:18.3395593Z * What went wrong:
2026-02-25T11:59:18.3398699Z Execution failed for task ':app:compileDebugKotlin'.
2026-02-25T11:59:18.3403915Z > A failure occurred while executing org.jetbrains.kotlin.compilerRunner.GradleCompilerRunnerWithWorkers$GradleKotlinCompilerWorkAction
2026-02-25T11:59:18.3418322Z    > Compilation error. See log for more details
2026-02-25T11:59:18.3418817Z 29 actionable tasks: 29 executed
2026-02-25T11:59:18.3419623Z 
2026-02-25T11:59:18.3419905Z * Try:
2026-02-25T11:59:18.3420943Z > Run with --stacktrace option to get the stack trace.
2026-02-25T11:59:18.3421679Z > Run with --info or --debug option to get more log output.
2026-02-25T11:59:18.3422331Z > Run with --scan to get full insights.
2026-02-25T11:59:18.3422917Z > Get more help at https://help.gradle.org.
2026-02-25T11:59:18.3423387Z 
2026-02-25T11:59:18.3423649Z BUILD FAILED in 4m 54s
2026-02-25T11:59:18.8056043Z ##[error]Process completed with exit code 1.
2026-02-25T11:59:18.8240838Z Post job cleanup.
2026-02-25T11:59:19.0819487Z In post-action step
2026-02-25T11:59:19.0827933Z Stopping all Gradle daemons before saving Gradle User Home state
2026-02-25T11:59:19.0828988Z Stopping Gradle daemons for /home/runner/gradle-installations/installs/gradle-8.5
2026-02-25T11:59:19.0849063Z [command]/home/runner/gradle-installations/installs/gradle-8.5/bin/gradle --stop
2026-02-25T11:59:19.9633624Z No Gradle daemons are running.
2026-02-25T11:59:19.9856697Z ##[group]Caching Gradle state
2026-02-25T11:59:20.0356966Z Caching generated-gradle-jars with path '/home/runner/.gradle/caches/8.5/generated-gradle-jars/gradle-api-8.5.jar' and cache key: gradle-generated-gradle-jars-v1-fa001ab82c3596b4e27ec78f191b889f
2026-02-25T11:59:20.0504152Z [command]/usr/bin/tar --posix -cf cache.tzst --exclude cache.tzst -P -C /home/runner/work/express-video/express-video --files-from manifest.txt --use-compress-program zstdmt
2026-02-25T11:59:20.4678974Z Caching dependencies with path '/home/runner/.gradle/caches/modules-*/files-*/*/*/*/*' and cache key: gradle-dependencies-v1-a232c2587fb7e6a9805cb8effe5369d2
2026-02-25T11:59:20.5437371Z Caching instrumented-jars with path '/home/runner/.gradle/caches/jars-*/*/' and cache key: gradle-instrumented-jars-v1-967dd89fcf7ee4329ea78b7afe0c6cab
2026-02-25T11:59:20.6052411Z Caching kotlin-dsl with path '/home/runner/.gradle/caches/*/kotlin-dsl/accessors/*/
2026-02-25T11:59:20.6053562Z /home/runner/.gradle/caches/*/kotlin-dsl/scripts/*/' and cache key: gradle-kotlin-dsl-v1-61030a26832bdbb1176cfba493072397
2026-02-25T11:59:20.6507438Z ##[warning]Failed to save cache entry with path '/home/runner/.gradle/caches/8.5/generated-gradle-jars/gradle-api-8.5.jar' and key: gradle-generated-gradle-jars-v1-fa001ab82c3596b4e27ec78f191b889f: Error: <h2>Our services aren't available right now</h2><p>We're working to restore all services as soon as possible. Please check back soon.</p>0GOSeaQAAAADlg5MC7yNFR7aSEsQoV72LQ0hJMzBFREdFMDMwNgBFZGdl
2026-02-25T11:59:20.7228517Z [command]/usr/bin/tar --posix -cf cache.tzst --exclude cache.tzst -P -C /home/runner/work/express-video/express-video --files-from manifest.txt --use-compress-program zstdmt
2026-02-25T11:59:20.7755658Z [command]/usr/bin/tar --posix -cf cache.tzst --exclude cache.tzst -P -C /home/runner/work/express-video/express-video --files-from manifest.txt --use-compress-program zstdmt
2026-02-25T11:59:20.8177516Z ##[warning]Failed to save cache entry with path '/home/runner/.gradle/caches/*/kotlin-dsl/accessors/*/
/home/runner/.gradle/caches/*/kotlin-dsl/scripts/*/' and key: gradle-kotlin-dsl-v1-61030a26832bdbb1176cfba493072397: Error: <h2>Our services aren't available right now</h2><p>We're working to restore all services as soon as possible. Please check back soon.</p>0GOSeaQAAAAAC2ANnVQlFSatdc8AMrlT9Q0hHRURHRTE3MDgARWRnZQ==
2026-02-25T11:59:21.1780770Z [command]/usr/bin/tar --posix -cf cache.tzst --exclude cache.tzst -P -C /home/runner/work/express-video/express-video --files-from manifest.txt --use-compress-program zstdmt
2026-02-25T11:59:22.2337229Z ##[warning]Failed to save cache entry with path '/home/runner/.gradle/caches/jars-*/*/' and key: gradle-instrumented-jars-v1-967dd89fcf7ee4329ea78b7afe0c6cab: Error: <h2>Our services aren't available right now</h2><p>We're working to restore all services as soon as possible. Please check back soon.</p>0GuSeaQAAAABiKjNOQtoSR5ULfYdaMrydQ0hHRURHRTE5MTEARWRnZQ==
2026-02-25T11:59:22.3358845Z ##[warning]Failed to save cache entry with path '/home/runner/.gradle/caches/modules-*/files-*/*/*/*/*' and key: gradle-dependencies-v1-a232c2587fb7e6a9805cb8effe5369d2: Error: <h2>Our services aren't available right now</h2><p>We're working to restore all services as soon as possible. Please check back soon.</p>0GuSeaQAAAAD8KIhUSGPuTZRbX9HPBtUSQ0hJMzBFREdFMDMxOABFZGdl
2026-02-25T11:59:22.4708611Z Caching Gradle User Home with cache key: gradle-home-v1|Linux|build[620c74083efa5b88ef904c2356f72d31]-2a54605b7ec9af6265c1466144f586d4d03fb463
2026-02-25T11:59:22.4795527Z [command]/usr/bin/tar --posix -cf cache.tzst --exclude cache.tzst -P -C /home/runner/work/express-video/express-video --files-from manifest.txt --use-compress-program zstdmt
2026-02-25T11:59:23.6309341Z ##[warning]Failed to save cache entry with path '/home/runner/.gradle/caches,/home/runner/.gradle/notifications,/home/runner/.gradle/.setup-gradle' and key: gradle-home-v1|Linux|build[620c74083efa5b88ef904c2356f72d31]-2a54605b7ec9af6265c1466144f586d4d03fb463: Error: <h2>Our services aren't available right now</h2><p>We're working to restore all services as soon as possible. Please check back soon.</p>0G+SeaQAAAACyPu7uyfAWQI7c9JYJnSRRQ0hHRURHRTE4MjEARWRnZQ==
2026-02-25T11:59:23.6314816Z ##[endgroup]
2026-02-25T11:59:23.6315167Z Generating Job Summary
2026-02-25T11:59:23.6329024Z Completed post-action step
2026-02-25T11:59:23.6517712Z Post job cleanup.
2026-02-25T11:59:23.8282998Z Post job cleanup.
2026-02-25T11:59:23.9261900Z [command]/usr/bin/git version
2026-02-25T11:59:23.9302707Z git version 2.52.0
2026-02-25T11:59:23.9348613Z Temporarily overriding HOME='/home/runner/work/_temp/0c16e7e8-2b54-41af-87b5-0ebe86b2f972' before making global git config changes
2026-02-25T11:59:23.9349422Z Adding repository directory to the temporary git global config as a safe directory
2026-02-25T11:59:23.9363289Z [command]/usr/bin/git config --global --add safe.directory /home/runner/work/express-video/express-video
2026-02-25T11:59:23.9399468Z [command]/usr/bin/git config --local --name-only --get-regexp core\.sshCommand
2026-02-25T11:59:23.9432057Z [command]/usr/bin/git submodule foreach --recursive sh -c "git config --local --name-only --get-regexp 'core\.sshCommand' && git config --local --unset-all 'core.sshCommand' || :"
2026-02-25T11:59:23.9665850Z [command]/usr/bin/git config --local --name-only --get-regexp http\.https\:\/\/github\.com\/\.extraheader
2026-02-25T11:59:23.9689552Z http.https://github.com/.extraheader
2026-02-25T11:59:23.9702719Z [command]/usr/bin/git config --local --unset-all http.https://github.com/.extraheader
2026-02-25T11:59:23.9735295Z [command]/usr/bin/git submodule foreach --recursive sh -c "git config --local --name-only --get-regexp 'http\.https\:\/\/github\.com\/\.extraheader' && git config --local --unset-all 'http.https://github.com/.extraheader' || :"
2026-02-25T11:59:23.9963286Z [command]/usr/bin/git config --local --name-only --get-regexp ^includeIf\.gitdir:
2026-02-25T11:59:23.9995603Z [command]/usr/bin/git submodule foreach --recursive git config --local --show-origin --name-only --get-regexp remote.origin.url
2026-02-25T11:59:24.0332945Z Cleaning up orphan processes

